SAFE_HTML_TYPE_MARKER_GOOG_HTML_SECURITY_PRIVATE_:yd
STRING_CONST_TYPE_MARKER__GOOG_STRING_SECURITY_PRIVATE_:zd
TRUSTED_RESOURCE_URL_TYPE_MARKER_GOOG_HTML_SECURITY_PRIVATE_:Ad
__extmap:B
__hash:l
__meta:ca
_hash:vb
_meta:Ga
_seq:Hb
active_:wb
actualEventTarget_:Bd
afn:m
ajax$protocols$AjaxImpl$_js_ajax_request$arity$3:yc
ajax$protocols$AjaxResponse$_body$arity$1:zc
ajax$protocols$AjaxResponse$_get_response_header$arity$2:Ac
ajax$protocols$AjaxResponse$_status$arity$1:Bc
ajax$protocols$AjaxResponse$_status_text$arity$1:Cc
ajax$protocols$AjaxResponse$_was_aborted$arity$1:Dc
ajax$protocols$Interceptor$_process_request$arity$2:Ib
ajax$protocols$Interceptor$_process_response$arity$2:Jb
args:Kb
arr:f
auto_run:Ha
base_count:Xc
bitmap:W
buf:Ec
buffer_:Ua
cachedOptions_:Yc
callOnce:dc
caught:Fc
cause:Zc
cb:$c
chunk:ma
chunk_next:ec
ci:fc
cljs$core$APersistentVector$:Gc
cljs$core$Fn$:Cd
cljs$core$IAssociative$:he
cljs$core$IAssociative$_assoc$arity$3:ra
cljs$core$IChunk$_drop_first$arity$1:Hc
cljs$core$IChunkedNext$_chunked_next$arity$1:Ic
cljs$core$IChunkedSeq$:ie
cljs$core$IChunkedSeq$_chunked_first$arity$1:gc
cljs$core$IChunkedSeq$_chunked_rest$arity$1:xb
cljs$core$ICollection$:je
cljs$core$ICollection$_conj$arity$2:V
cljs$core$ICounted$:Dd
cljs$core$ICounted$_count$arity$1:N
cljs$core$IDeref$:ad
cljs$core$IDeref$_deref$arity$1:Ja
cljs$core$IEditableCollection$:Ed
cljs$core$IEditableCollection$_as_transient$arity$1:yb
cljs$core$IEmptyableCollection$:Fd
cljs$core$IEmptyableCollection$_empty$arity$1:X
cljs$core$IEncodeClojure$:ke
cljs$core$IEncodeClojure$_js__GT_clj$arity$2:Gd
cljs$core$IEncodeJS$:Hd
cljs$core$IEncodeJS$_clj__GT_js$arity$1:Id
cljs$core$IEquiv$_equiv$arity$2:o
cljs$core$IFind$_find$arity$2:zb
cljs$core$IFn$:le
cljs$core$IFn$_invoke$arity$0:v
cljs$core$IFn$_invoke$arity$1:b
cljs$core$IFn$_invoke$arity$10:Va
cljs$core$IFn$_invoke$arity$11:Wa
cljs$core$IFn$_invoke$arity$12:Xa
cljs$core$IFn$_invoke$arity$13:Ya
cljs$core$IFn$_invoke$arity$14:Za
cljs$core$IFn$_invoke$arity$15:$a
cljs$core$IFn$_invoke$arity$16:ab
cljs$core$IFn$_invoke$arity$17:bb
cljs$core$IFn$_invoke$arity$18:cb
cljs$core$IFn$_invoke$arity$19:eb
cljs$core$IFn$_invoke$arity$2:a
cljs$core$IFn$_invoke$arity$20:fb
cljs$core$IFn$_invoke$arity$22:Jd
cljs$core$IFn$_invoke$arity$3:c
cljs$core$IFn$_invoke$arity$4:s
cljs$core$IFn$_invoke$arity$5:O
cljs$core$IFn$_invoke$arity$6:va
cljs$core$IFn$_invoke$arity$7:gb
cljs$core$IFn$_invoke$arity$8:hb
cljs$core$IFn$_invoke$arity$9:ib
cljs$core$IFn$_invoke$arity$variadic:h
cljs$core$IHash$:Kd
cljs$core$IHash$_hash$arity$1:I
cljs$core$IIndexed$:bd
cljs$core$IIndexed$_nth$arity$2:G
cljs$core$IIndexed$_nth$arity$3:na
cljs$core$IIterable$:me
cljs$core$IIterable$_iterator$arity$1:oa
cljs$core$IKVReduce$:ne
cljs$core$IKVReduce$_kv_reduce$arity$3:Ka
cljs$core$IList$:oe
cljs$core$ILookup$:Ld
cljs$core$ILookup$_lookup$arity$2:fa
cljs$core$ILookup$_lookup$arity$3:H
cljs$core$IMap$:Md
cljs$core$IMap$_dissoc$arity$2:jb
cljs$core$IMapEntry$:pe
cljs$core$IMapEntry$_key$arity$1:Nd
cljs$core$IMapEntry$_val$arity$1:Od
cljs$core$IMeta$:Pd
cljs$core$IMeta$_meta$arity$1:P
cljs$core$INamed$:cd
cljs$core$INext$:Lb
cljs$core$INext$_next$arity$1:da
cljs$core$IPrintWithWriter$:Z
cljs$core$IPrintWithWriter$_pr_writer$arity$3:J
cljs$core$IRecord$:qe
cljs$core$IReduce$:Qd
cljs$core$IReduce$_reduce$arity$2:ga
cljs$core$IReduce$_reduce$arity$3:ha
cljs$core$IReset$_reset_BANG_$arity$2:ta
cljs$core$IReversible$:re
cljs$core$IReversible$_rseq$arity$1:Mb
cljs$core$ISeq$:K
cljs$core$ISeq$_first$arity$1:ea
cljs$core$ISeq$_rest$arity$1:ia
cljs$core$ISeqable$:Rd
cljs$core$ISeqable$_seq$arity$1:R
cljs$core$ISequential$:Jc
cljs$core$ISet$:Sd
cljs$core$ISet$_disjoin$arity$2:dd
cljs$core$IStack$_peek$arity$1:kb
cljs$core$IStack$_pop$arity$1:lb
cljs$core$ISwap$_swap_BANG_$arity$2:hc
cljs$core$ISwap$_swap_BANG_$arity$3:ic
cljs$core$ISwap$_swap_BANG_$arity$4:jc
cljs$core$ISwap$_swap_BANG_$arity$5:kc
cljs$core$ITransientAssociative$_assoc_BANG_$arity$3:Ab
cljs$core$ITransientCollection$_conj_BANG_$arity$2:Bb
cljs$core$ITransientCollection$_persistent_BANG_$arity$1:Nb
cljs$core$IVector$:se
cljs$core$IVector$_assoc_n$arity$3:mb
cljs$core$IWatchable$_add_watch$arity$3:Ob
cljs$core$IWatchable$_notify_watches$arity$3:lc
cljs$core$IWatchable$_remove_watch$arity$2:Pb
cljs$core$IWithMeta$_with_meta$arity$2:S
cljs$core$IWriter$_write$arity$2:ed
cljs$lang$applyTo:w
cljs$lang$ctorPrWriter:Td
cljs$lang$ctorStr:mc
cljs$lang$maxFixedArity:u
cljs$lang$protocol_mask$partition$:Kc
cljs$lang$protocol_mask$partition0$:g
cljs$lang$protocol_mask$partition1$:A
cljs$lang$type:fd
clojure$data$Diff$diff_similar$arity$2:Ud
clojure$data$EqualityPartition$equality_partition$arity$1:Vd
cnt:i
collision_hash:La
com$cognitect$transit$equals:Qb
com$cognitect$transit$hashCode:Lc
content_type:Ia
count_:Qa
dirty_QMARK_:Ra
disposed_:Mc
edit:U
editable_QMARK_:Cb
ensure_editable:nb
equals:Sa
errorDispatched_:Nc
eventTargetListeners_:ob
event_:Rb
ext_map_iter:gd
f:za
fields:Wd
fn:Sb
fqn:ya
front:ua
fseq:Db
fsm_state:nc
getBasis:te
getKeys:Eb
getListener:Oc
getSetImmediateEmulator_:Xd
getValues:Tb
handler:oc
hasNext:$
has_nil_QMARK_:pa
hash_map:Ma
high_:T
i:j
ieProgId_:hd
inAbort_:Ub
inOpen_:Pc
inSend_:pc
initSecurityPrivateDoNotAccessOrElse_:Na
inode_assoc:Ba
inode_assoc_BANG_:Ca
inode_find:Vb
inode_lookup:pb
inode_seq:Wb
inode_without:Xb
iter:Qc
keys_:sa
kv_reduce:Yb
lastErrorCode_:Fb
lastError_:qb
lastMethod_:jd
lastUri_:qc
len:rb
listeners:Aa
low_:Y
map_:Oa
meta42890:Yd
more:Da
mseq:M
next_entry:Zb
next_iter:Ea
nil_val:la
nocache_QMARK_:kd
nodes:Fa
ns:$b
off:ka
onProgressHandler_:ld
onReadyStateChangeEntryPoint_:Zd
onReadyStateChange_:md
on_dispose:nd
on_dispose_arr:od
on_set:$d
parentEventTarget_:pd
post_event_callback_fns:ae
privateDoNotAccessOrElseSafeHtmlWrappedValue_:qd
privateDoNotAccessOrElseTrustedResourceUrlWrappedValue_:be
progressEventsEnabled_:rd
propagationStopped_:sb
ratom:aa
reaction:ac
reagent$ratom$IDisposable$add_on_dispose_BANG_$arity$2:sd
reagent$ratom$IDisposable$dispose_BANG_$arity$1:Rc
reagent$ratom$IReactiveAtom$:rc
rear:wa
record:ce
removed:Gb
responseType_:sc
rest:Pa
returnValue_:td
riter:bc
root_iter:ud
s:F
sb:de
scheduled_QMARK_:tc
seen:Sc
setImmediate_:vd
str:Ta
stringConstValueWithSecurityContract__googStringSecurityPrivate_:ee
superClass_:wd
tail:qa
timeoutId_:uc
timeoutInterval_:cc
timeout_:xd
transient_map:tb
typeCount_:vc
unicode:ue
useSetImmediate_:fe
useXhr2Timeout_:Tc
v:ba
val:C
validator:Uc
vec:xa
watches:ja
watchesArr:Vc
watching:ub
withCredentials_:Wc
wrapCallback_:ge
xhrOptions_:wc
xhr_:D
xmlHttpFactory_:xc
