$$S_id$2enadiar$2e_cv$2e_events:aa
$$S_re$2d_frame$2estd$2dinterce_dc3eb193:ba
G__46496_46498:$r
G__46511_46605:as
G__46519_46607:bs
G__46520_46608:cs
G__46532_46612:ds
G__46643_46645$jscomp$inline_1123:ps
G__46644_46646$jscomp$inline_1124:qs
JSCompiler_StaticMethods_assoc_BANG_:ph
JSCompiler_StaticMethods_cleanUpTimeoutTimer_:Er
JSCompiler_StaticMethods_cleanUpXhr_:Hr
JSCompiler_StaticMethods_cleanupKeysArray_:tb
JSCompiler_StaticMethods_cljs$core$ITransientVector$_assoc_n_BANG_$arity$3:vg
JSCompiler_StaticMethods_createInstance:yr
JSCompiler_StaticMethods_dispatchErrors_:Gr
JSCompiler_StaticMethods_div:ya
JSCompiler_StaticMethods_error_:Dr
JSCompiler_StaticMethods_fireListeners:qr
JSCompiler_StaticMethods_forceChunk:Fh
JSCompiler_StaticMethods_getOptions:ur
JSCompiler_StaticMethods_getProgId_:vr
JSCompiler_StaticMethods_getReadyState:Jr
JSCompiler_StaticMethods_isZero:Aa
JSCompiler_StaticMethods_markAsRemoved:Wq
JSCompiler_StaticMethods_negate:Ba
JSCompiler_StaticMethods_onReadyStateChangeHelper_:Ir
JSCompiler_StaticMethods_re_frame$router$IEventQueue$_call_post_event_callbacks$arity$2:wp
JSCompiler_StaticMethods_re_frame$router$IEventQueue$_fsm_trigger$arity$3:sp
JSCompiler_StaticMethods_re_frame$router$IEventQueue$_pause$arity$2:vp
JSCompiler_StaticMethods_re_frame$router$IEventQueue$_process_1st_event_in_queue$arity$1:tp
JSCompiler_StaticMethods_re_frame$router$IEventQueue$_run_next_tick$arity$1:up
JSCompiler_StaticMethods_re_frame$router$IEventQueue$_run_queue$arity$1:rp
JSCompiler_StaticMethods_removeByKey:Zq
JSCompiler_StaticMethods_subtract:za
JSCompiler_StaticMethods_sval:Le
JSCompiler_StaticMethods_toNumber:wa
JSCompiler_inline_result$jscomp$158:Ho
JSCompiler_prototypeAlias:g
JSCompiler_temp$jscomp$157:Mq
JSCompiler_temp$jscomp$175:Tr
L 0:a
L 1:b
L 10:n
L 11:t
L 12:w
L 13:y
L 14:D
L 15:H
L 16:R
L 17:W
L 18:ia
L 19:pa
L 2:c
L 20:Ta
L 21:db
L 22:xk
L 3:d
L 4:e
L 5:f
L 6:h
L 7:k
L 8:l
L 9:m
ajax$formats$content_type_matches$cljs$0core$0IFn$0_invoke$0arity$01:Hq
ajax$formats$detect_content_type$cljs$0core$0IFn$0_invoke$0arity$02:Iq
ajax$formats$detect_response_format:Cq
ajax$formats$detect_response_format_read$cljs$0core$0IFn$0_invoke$0arity$01:Jq
ajax$formats$get_accept_entries$cljs$0core$0IFn$0_invoke$0arity$01:Gq
ajax$formats$get_accept_entries$cljs$0core$0IFn$0_invoke$0arity$02:Fq
ajax$formats$get_format$cljs$0core$0IFn$0_invoke$0arity$02:Eq
ajax$interceptors$ApplyRequestFormat:wq
ajax$interceptors$DirectSubmission:zq
ajax$interceptors$ProcessUrlParameters:yq
ajax$interceptors$ResponseFormat:uq
ajax$interceptors$content_type_to_request_header:tq
ajax$interceptors$fail:sq
ajax$interceptors$get_response_format:Bq
ajax$interceptors$map__GT_ResponseFormat:vq
ajax$interceptors$request_interceptors:Aq
ajax$interceptors$uri_with_params$cljs$0core$0IFn$0_invoke$0arity$01:xq
ajax$json$json_response_format:Dq
ajax$protocols$_body:Tp
ajax$protocols$_get_response_header:Up
ajax$protocols$_js_ajax_request:Qp
ajax$protocols$_process_request:Wp
ajax$protocols$_process_response:Xp
ajax$protocols$_status:Rp
ajax$protocols$_status_text:Sp
ajax$protocols$_was_aborted:Vp
ajax$simple$ajax_request:Rr
ajax$simple$default_interceptors:Or
ajax$simple$js_handler$cljs$0core$0IFn$0_invoke$0arity$02:Nr
ajax$simple$normalize_method:Lr
ajax$simple$normalize_request:Pr
ajax$simple$process_request:Qr
ajax$simple$process_response:Mr
ajax$url$key_encode:$p
ajax$url$key_value_pair_to_str:bq
ajax$url$param_to_key_value_pairs$cljs$0core$0IFn$0_invoke$0arity$02:fq
ajax$url$param_to_key_value_pairs$cljs$0core$0IFn$0_invoke$0arity$03:eq
ajax$url$params_to_str$cljs$0core$0IFn$0_invoke$0arity$02:gq
ajax$url$to_vec_key_transform:dq
ajax$url$value_encode:aq
ajax$url$vec_key_transform_fn$cljs$0core$0IFn$0_invoke$0arity$01:cq
ajax$util$successful_response_codes_set:Zp
ajax$util$throw_error:Yp
ajax$xml_http_request$ready_state:Sr
ajax$xml_http_request$xmlhttprequest:Vr
arr$jscomp$inline_822:Eo
cljs:xb
cljs$core:yb
cljs$core$ArrayChunk:Ne
cljs$core$ArrayNode:$g
cljs$core$ArrayNodeIterator:dh
cljs$core$ArrayNodeSeq:kh
cljs$core$Atom:vf
cljs$core$BitmapIndexedNode:Wg
cljs$core$BitmapIndexedNode$EMPTY:Zg
cljs$core$Box:Pg
cljs$core$ChunkBuffer:Me
cljs$core$ChunkedCons:Oe
cljs$core$ChunkedSeq:og
cljs$core$Cons:Fe
cljs$core$ES6EntriesIterator:Eg
cljs$core$ES6Iterator:sd
cljs$core$ES6SetEntriesIterator:Fg
cljs$core$EmptyList:Ee
cljs$core$ExceptionInfo:li
cljs$core$Fn:Ub
cljs$core$HashCollisionNode:hh
cljs$core$HashMapIter:mh
cljs$core$HashSetIter:vh
cljs$core$ICollection:$b
cljs$core$ICounted:Wb
cljs$core$IDeref:uc
cljs$core$IEmptyableCollection:Yb
cljs$core$IEncodeClojure:hi
cljs$core$IEncodeJS:ci
cljs$core$IFn:Vb
cljs$core$IIndexed:bc
cljs$core$IIterable:Zc
cljs$core$IKVReduce:Ac
cljs$core$IList:Hc
cljs$core$ILookup:gc
cljs$core$IMap:kc
cljs$core$IMeta:vc
cljs$core$INIT:jf
cljs$core$INext:fc
cljs$core$IPrintWithWriter:Mc
cljs$core$IRecord:Ic
cljs$core$IReduce:yc
cljs$core$IReversible:Jc
cljs$core$ISeq:dc
cljs$core$ISeqable:Ec
cljs$core$ISequential:Gc
cljs$core$ISet:oc
cljs$core$ITER_SYMBOL:Pb
cljs$core$IVector:sc
cljs$core$IndexedSeq:G
cljs$core$IndexedSeqIterator:Md
cljs$core$KeySeq:sh
cljs$core$Keyword:E
cljs$core$LazySeq:Ke
cljs$core$List:Ud
cljs$core$List$EMPTY:rd
cljs$core$MapEntry:cg
cljs$core$MetaFn:$d
cljs$core$NeverEquiv:Ag
cljs$core$NodeIterator:Vg
cljs$core$NodeSeq:ih
cljs$core$PROTOCOL_SENTINEL:q
cljs$core$PersistentArrayMap:r
cljs$core$PersistentArrayMap$EMPTY:hf
cljs$core$PersistentArrayMap$HASHMAP_THRESHOLD:Mg
cljs$core$PersistentArrayMap$createAsIfByAssoc:Xd
cljs$core$PersistentArrayMapIterator:Ig
cljs$core$PersistentArrayMapSeq:Hg
cljs$core$PersistentHashMap:nh
cljs$core$PersistentHashMap$EMPTY:Ng
cljs$core$PersistentHashSet:wh
cljs$core$PersistentHashSet$EMPTY:yh
cljs$core$PersistentQueue:yg
cljs$core$PersistentQueue$EMPTY:zg
cljs$core$PersistentQueueIter:wg
cljs$core$PersistentQueueSeq:xg
cljs$core$PersistentVector:X
cljs$core$PersistentVector$EMPTY:Td
cljs$core$PersistentVector$EMPTY_NODE:Y
cljs$core$PersistentVector$fromArray:ig
cljs$core$RSeq:Nd
cljs$core$Range:Eh
cljs$core$RangeChunk:Ch
cljs$core$RangeIterator:Dh
cljs$core$RangedIterator:Zf
cljs$core$RecordIter:Dg
cljs$core$Reduced:zd
cljs$core$Repeat:Cf
cljs$core$START:kf
cljs$core$SeqIter:lf
cljs$core$StringBufferWriter:ad
cljs$core$Subvec:qg
cljs$core$Symbol:nd
cljs$core$TransientArrayMap:Lg
cljs$core$TransientHashMap:oh
cljs$core$TransientHashSet:xh
cljs$core$TransientVector:dg
cljs$core$ValSeq:th
cljs$core$VectorNode:Of
cljs$core$_EQ_:K
cljs$core$_PLUS_:ze
cljs$core$_STAR_eval_STAR_:oi
cljs$core$_STAR_loaded_libs_STAR_:Db
cljs$core$_STAR_print_err_fn_STAR_:Bb
cljs$core$_STAR_print_fn_STAR_:Ab
cljs$core$_STAR_print_level_STAR_:Cb
cljs$core$_add_watch:Oc
cljs$core$_as_transient:Qc
cljs$core$_assoc:ic
cljs$core$_assoc_BANG_:Tc
cljs$core$_assoc_n:tc
cljs$core$_chunked_first:Vc
cljs$core$_chunked_rest:Wc
cljs$core$_clj__GT_js:di
cljs$core$_conj:ac
cljs$core$_conj_BANG_:Rc
cljs$core$_count:Xb
cljs$core$_deref:B
cljs$core$_disjoin:pc
cljs$core$_dissoc:lc
cljs$core$_drop_first:Uc
cljs$core$_empty:Zb
cljs$core$_equiv:Cc
cljs$core$_find:jc
cljs$core$_first:A
cljs$core$_hash:Dc
cljs$core$_indexOf$cljs$0core$0IFn$0_invoke$0arity$03:M
cljs$core$_iterator:$c
cljs$core$_js__GT_clj:ii
cljs$core$_key:mc
cljs$core$_kv_reduce:Bc
cljs$core$_lastIndexOf$cljs$0core$0IFn$0_invoke$0arity$03:O
cljs$core$_lookup:hc
cljs$core$_meta:wc
cljs$core$_nth:cc
cljs$core$_peek:qc
cljs$core$_persistent_BANG_:Sc
cljs$core$_pop:rc
cljs$core$_pr_writer:Nc
cljs$core$_reduce:zc
cljs$core$_remove_watch:Pc
cljs$core$_reset_BANG_:Xc
cljs$core$_rest:ec
cljs$core$_rseq:Kc
cljs$core$_seq:Fc
cljs$core$_swap_BANG_:Yc
cljs$core$_val:nc
cljs$core$_with_meta:xc
cljs$core$_write:Lc
cljs$core$aclone:Qb
cljs$core$apply:ae
cljs$core$apply$cljs$0core$0IFn$0_invoke$0arity$02:V
cljs$core$apply$cljs$0core$0IFn$0_invoke$0arity$03:af
cljs$core$apply$cljs$0core$0IFn$0_invoke$0arity$04:bf
cljs$core$apply$cljs$0core$0IFn$0_invoke$0arity$05:cf
cljs$core$apply$cljs$0core$0IFn$0_invoke$0arity$0variadic:df
cljs$core$apply_to:Ve
cljs$core$apply_to_simple$cljs$0core$0IFn$0_invoke$0arity$03:Xe
cljs$core$apply_to_simple$cljs$0core$0IFn$0_invoke$0arity$04:Ye
cljs$core$apply_to_simple$cljs$0core$0IFn$0_invoke$0arity$05:Ze
cljs$core$apply_to_simple$cljs$0core$0IFn$0_invoke$0arity$06:$e
cljs$core$array_QMARK_:Mb
cljs$core$array__GT_transient_hash_map:Og
cljs$core$array_copy:ne
cljs$core$array_for:Wf
cljs$core$array_index_of:Gg
cljs$core$array_map:rh
cljs$core$array_reduce$cljs$0core$0IFn$0_invoke$0arity$02:Fd
cljs$core$array_reduce$cljs$0core$0IFn$0_invoke$0arity$03:Gd
cljs$core$array_reduce$cljs$0core$0IFn$0_invoke$0arity$04:Hd
cljs$core$assoc:U
cljs$core$assoc_in:Lf
cljs$core$atom$cljs$0core$0IFn$0_invoke$0arity$01:wf
cljs$core$bit_count:De
cljs$core$boolean$0:qe
cljs$core$bounded_count:Re
cljs$core$build_subvec:rg
cljs$core$butlast:Ah
cljs$core$char_escapes:Nh
cljs$core$chunk_append:Qe
cljs$core$chunk_cons:Pe
cljs$core$chunked_seq:hg
cljs$core$chunked_seq$cljs$0core$0IFn$0_invoke$0arity$04:gg
cljs$core$chunked_seq$cljs$0core$0IFn$0_invoke$0arity$05:pg
cljs$core$chunked_seq_QMARK_:me
cljs$core$ci_reduce$cljs$0core$0IFn$0_invoke$0arity$02:Dd
cljs$core$ci_reduce$cljs$0core$0IFn$0_invoke$0arity$03:Ed
cljs$core$clj__GT_js:fi
cljs$core$clone_and_set$cljs$0core$0IFn$0_invoke$0arity$03:Rg
cljs$core$coll_QMARK_:ge
cljs$core$complement:of
cljs$core$concat:Te
cljs$core$conj:S
cljs$core$conj_BANG_:Ue
cljs$core$cons:P
cljs$core$contains_QMARK_:se
cljs$core$count:N
cljs$core$counted_QMARK_:Id
cljs$core$create_array_node_seq:fh
cljs$core$create_array_node_seq$cljs$0core$0IFn$0_invoke$0arity$01:eh
cljs$core$create_array_node_seq$cljs$0core$0IFn$0_invoke$0arity$03:lh
cljs$core$create_inode_seq:Yg
cljs$core$create_inode_seq$cljs$0core$0IFn$0_invoke$0arity$01:Xg
cljs$core$create_inode_seq$cljs$0core$0IFn$0_invoke$0arity$03:jh
cljs$core$create_node:bh
cljs$core$create_node$cljs$0core$0IFn$0_invoke$0arity$06:ch
cljs$core$create_node$cljs$0core$0IFn$0_invoke$0arity$07:ah
cljs$core$dec:Ae
cljs$core$deref:Cd
cljs$core$disj:ee
cljs$core$dissoc:Yd
cljs$core$do_assoc:Xf
cljs$core$doall$cljs$0core$0IFn$0_invoke$0arity$01:Hh
cljs$core$drop$cljs$0core$0IFn$0_invoke$0arity$02:Af
cljs$core$drop_last$cljs$0core$0IFn$0_invoke$0arity$02:Bf
cljs$core$edit_and_set$cljs$0core$0IFn$0_invoke$0arity$04:Tg
cljs$core$empty:Vd
cljs$core$empty_QMARK_:fe
cljs$core$empty_ordered_hash:vd
cljs$core$empty_unordered_hash:xd
cljs$core$enable_console_print_BANG_:Kb
cljs$core$equiv_map:Cg
cljs$core$equiv_sequential:Od
cljs$core$es6_iterator:td
cljs$core$every_QMARK_:mf
cljs$core$ex_info$cljs$0core$0IFn$0_invoke$0arity$02:mi
cljs$core$filter$cljs$0core$0IFn$0_invoke$0arity$02:Ff
cljs$core$first:I
cljs$core$flatten:If
cljs$core$fn_QMARK_:Zd
cljs$core$fnil$cljs$0core$0IFn$0_invoke$0arity$02:qf
cljs$core$gensym$cljs$0core$0IFn$0_invoke$0arity$01:bi
cljs$core$gensym_counter:ai
cljs$core$get:C
cljs$core$hash:kd
cljs$core$hash_collision_node_find_index:gh
cljs$core$hash_combine:ld
cljs$core$hash_map:qh
cljs$core$hash_ordered_coll:ud
cljs$core$hash_string:jd
cljs$core$hash_unordered_coll:wd
cljs$core$identity:xe
cljs$core$ifn_QMARK_:re
cljs$core$imul:cd
cljs$core$inc:yd
cljs$core$indexed_QMARK_:Jd
cljs$core$inode_kv_reduce:Ug
cljs$core$instance_QMARK_:md
cljs$core$into:rf
cljs$core$into_array$cljs$0core$0IFn$0_invoke$0arity$02:Rb
cljs$core$iter_reduce$cljs$0core$0IFn$0_invoke$0arity$02:te
cljs$core$iter_reduce$cljs$0core$0IFn$0_invoke$0arity$03:ue
cljs$core$iterable_QMARK_:pd
cljs$core$js__GT_clj$cljs$0core$0IFn$0_invoke$0arity$0variadic:ji
cljs$core$keep$cljs$0core$0IFn$0_invoke$0arity$02:uf
cljs$core$key:lg
cljs$core$key__GT_js$cljs$0core$0IFn$0_invoke$0arity$02:ei
cljs$core$key_test:Qg
cljs$core$keys:Jg
cljs$core$keyword:Ie
cljs$core$keyword_identical_QMARK_:Ge
cljs$core$last:Sd
cljs$core$lift_ns:Yh
cljs$core$linear_traversal_nth$cljs$0core$0IFn$0_invoke$0arity$03:Wd
cljs$core$lookup_sentinel:oe
cljs$core$m3_fmix:fd
cljs$core$m3_hash_unencoded_chars:gd
cljs$core$m3_mix_H1:ed
cljs$core$m3_mix_K1:dd
cljs$core$map:Z
cljs$core$map_QMARK_:je
cljs$core$map_entry_QMARK_:kg
cljs$core$map_indexed$cljs$0core$0IFn$0_invoke$0arity$02:tf
cljs$core$mapcat$cljs$0core$0IFn$0_invoke$0arity$0variadic:Ef
cljs$core$mapv$cljs$0core$0IFn$0_invoke$0arity$02:Jf
cljs$core$max:Be
cljs$core$max_key:Bh
cljs$core$merge:uh
cljs$core$meta:ce
cljs$core$missing_protocol:x
cljs$core$name:Je
cljs$core$namespace:He
cljs$core$native_satisfies_QMARK_:v
cljs$core$never_equiv:Bg
cljs$core$new_path:Sf
cljs$core$next:J
cljs$core$next_STAR_:We
cljs$core$nil_QMARK_:Lb
cljs$core$nil_iter:ff
cljs$core$not:Nb
cljs$core$not_empty:ef
cljs$core$nth:Ld
cljs$core$nth$cljs$0core$0IFn$0_invoke$0arity$02:Kd
cljs$core$nth$cljs$0core$0IFn$0_invoke$0arity$03:T
cljs$core$partial:pf
cljs$core$partition$cljs$0core$0IFn$0_invoke$0arity$03:Kf
cljs$core$peek:de
cljs$core$pop_tail:Yf
cljs$core$pr_opts:Eb
cljs$core$pr_sb_with_opts:Vh
cljs$core$pr_sequential_writer:Kh
cljs$core$pr_str_STAR_:bd
cljs$core$pr_str_with_opts:Wh
cljs$core$pr_writer:Rh
cljs$core$pr_writer_impl:Qh
cljs$core$prim_seq$cljs$0core$0IFn$0_invoke$0arity$02:Q
cljs$core$print_map:Sh
cljs$core$print_meta_QMARK_:Ph
cljs$core$print_prefix_map:Zh
cljs$core$push_tail:Tf
cljs$core$pv_clone_node:Qf
cljs$core$pv_fresh_node:Pf
cljs$core$pv_reduce$cljs$0core$0IFn$0_invoke$0arity$04:ag
cljs$core$pv_reduce$cljs$0core$0IFn$0_invoke$0arity$05:bg
cljs$core$quot:Ce
cljs$core$quote_string:Oh
cljs$core$range$cljs$0core$0IFn$0_invoke$0arity$03:Gh
cljs$core$ranged_iterator:$f
cljs$core$re_find:Jh
cljs$core$re_matches:Ih
cljs$core$record_QMARK_:ke
cljs$core$reduce:Tb
cljs$core$reduce$cljs$0core$0IFn$0_invoke$0arity$02:ve
cljs$core$reduce$cljs$0core$0IFn$0_invoke$0arity$03:Sb
cljs$core$reduce_kv:we
cljs$core$reduced:Ad
cljs$core$reduced_QMARK_:Bd
cljs$core$remove$cljs$0core$0IFn$0_invoke$0arity$02:Gf
cljs$core$remove_pair:Sg
cljs$core$repeat$cljs$0core$0IFn$0_invoke$0arity$02:Df
cljs$core$reset_BANG_:xf
cljs$core$rest:qd
cljs$core$seq:F
cljs$core$seq_QMARK_:pe
cljs$core$seq_reduce:Qd
cljs$core$seq_reduce$cljs$0core$0IFn$0_invoke$0arity$02:Pd
cljs$core$seq_reduce$cljs$0core$0IFn$0_invoke$0arity$03:Rd
cljs$core$sequential_QMARK_:ie
cljs$core$set:zh
cljs$core$set_QMARK_:he
cljs$core$some:nf
cljs$core$spread:Se
cljs$core$str:z
cljs$core$string_hash_cache:hd
cljs$core$string_hash_cache_count:id
cljs$core$strip_ns:Xh
cljs$core$subvec:sg
cljs$core$swap_BANG_:yf
cljs$core$symbol:od
cljs$core$t_cljs$0core42889:zb
cljs$core$tail_off:Rf
cljs$core$take$cljs$0core$0IFn$0_invoke$0arity$02:zf
cljs$core$tapset:ni
cljs$core$transduce$cljs$0core$0IFn$0_invoke$0arity$04:ye
cljs$core$tree_seq:Hf
cljs$core$truth_:u
cljs$core$tv_editable_root:eg
cljs$core$tv_editable_tail:fg
cljs$core$tv_ensure_editable:tg
cljs$core$tv_push_tail:ug
cljs$core$type__GT_str:Ob
cljs$core$unchecked_array_for:Vf
cljs$core$update:Nf
cljs$core$update_in:Mf
cljs$core$val:mg
cljs$core$vals:Kg
cljs$core$vec:jg
cljs$core$vector:ng
cljs$core$vector_QMARK_:le
cljs$core$vector_index_out_of_bounds:Uf
cljs$core$with_meta:be
cljs$core$write_all$cljs$0core$0IFn$0_invoke$0arity$0variadic:Mh
cljs$cst$keyword$GPA:Jj
cljs$cst$keyword$_LT__DASH_:Xi
cljs$cst$keyword$_LT__GT_:ij
cljs$cst$keyword$aborted:xl
cljs$cst$keyword$add_DASH_event:Ij
cljs$cst$keyword$address:Zj
cljs$cst$keyword$after:uj
cljs$cst$keyword$ajax:Yk
cljs$cst$keyword$alt_DASH_impl:Th
cljs$cst$keyword$api:kl
cljs$cst$keyword$assoc:Fl
cljs$cst$keyword$assoc_DASH_in:$l
cljs$cst$keyword$atom:em
cljs$cst$keyword$auto_DASH_run:Ai
cljs$cst$keyword$autobind:Nl
cljs$cst$keyword$avatarUrl:qk
cljs$cst$keyword$backgroundColor:Qi
cljs$cst$keyword$before:yj
cljs$cst$keyword$body:Ck
cljs$cst$keyword$button_DOT_btn_DASH_secondary:Il
cljs$cst$keyword$button_DOT_btn_DASH_success:bm
cljs$cst$keyword$class:Hk
cljs$cst$keyword$className:ek
cljs$cst$keyword$cljsLegacyRender:Kk
cljs$cst$keyword$cljs_DOT_analyzer_SLASH_analyzed:xj
cljs$cst$keyword$coeffects:Uk
cljs$cst$keyword$cofx:dl
cljs$cst$keyword$color:Zi
cljs$cst$keyword$company:ti
cljs$cst$keyword$componentFunction:tk
cljs$cst$keyword$componentWillMount:am
cljs$cst$keyword$componentWillUnmount:Lj
cljs$cst$keyword$component_DASH_did_DASH_update:sl
cljs$cst$keyword$component_DASH_will_DASH_unmount:ck
cljs$cst$keyword$connection_DASH_established:Ul
cljs$cst$keyword$contact:Ri
cljs$cst$keyword$content:ri
cljs$cst$keyword$content_DASH_type:Ei
cljs$cst$keyword$cv:zl
cljs$cst$keyword$db:Cl
cljs$cst$keyword$db_DASH_handler:lk
cljs$cst$keyword$debug:ak
cljs$cst$keyword$debug_DASH_message:pj
cljs$cst$keyword$degree:hl
cljs$cst$keyword$deregister_DASH_event_DASH_handler:Ql
cljs$cst$keyword$description:Vi
cljs$cst$keyword$dispatch:Jk
cljs$cst$keyword$dispatch_DASH_later:rj
cljs$cst$keyword$dispatch_DASH_n:pl
cljs$cst$keyword$displayName:uk
cljs$cst$keyword$display_DASH_name:Uj
cljs$cst$keyword$div:Sj
cljs$cst$keyword$div_DOT_col_DASH_3_DOT_col:hm
cljs$cst$keyword$div_DOT_col_DASH_4_DOT_col:vk
cljs$cst$keyword$div_DOT_col_DASH_8_DOT_col:yl
cljs$cst$keyword$div_DOT_col_DASH_9_DOT_col:Ol
cljs$cst$keyword$div_DOT_row:Ik
cljs$cst$keyword$div_DOT_top_DASH_outer:vj
cljs$cst$keyword$div_SHARP_paper:aj
cljs$cst$keyword$do_DASH_fx:Rj
cljs$cst$keyword$dup:Ib
cljs$cst$keyword$education:qi
cljs$cst$keyword$effects:Qj
cljs$cst$keyword$email:Ui
cljs$cst$keyword$error:Oj
cljs$cst$keyword$event:Pj
cljs$cst$keyword$exception:lj
cljs$cst$keyword$experience:Cj
cljs$cst$keyword$experiences:yi
cljs$cst$keyword$expertise:gl
cljs$cst$keyword$failed:Ej
cljs$cst$keyword$failure:Gk
cljs$cst$keyword$fallback_DASH_impl:Uh
cljs$cst$keyword$fetch_DASH_json_DASH_cv:gk
cljs$cst$keyword$finish_DASH_run:mj
cljs$cst$keyword$flush_DASH_dom:tl
cljs$cst$keyword$flush_DASH_on_DASH_newline:Fb
cljs$cst$keyword$format:hk
cljs$cst$keyword$fsm_DASH_state:Si
cljs$cst$keyword$fx:ol
cljs$cst$keyword$fx_DASH_handler:fl
cljs$cst$keyword$get:Hi
cljs$cst$keyword$get_DASH_in:Hl
cljs$cst$keyword$github:wl
cljs$cst$keyword$group:ik
cljs$cst$keyword$groupEnd:dm
cljs$cst$keyword$h1:jl
cljs$cst$keyword$h3:nl
cljs$cst$keyword$h4:ml
cljs$cst$keyword$handler:sk
cljs$cst$keyword$header:Ek
cljs$cst$keyword$headers:Ji
cljs$cst$keyword$hero:wi
cljs$cst$keyword$http_DASH_no_DASH_on_DASH_failure:Kj
cljs$cst$keyword$http_DASH_no_DASH_on_DASH_success:rk
cljs$cst$keyword$http_DASH_xhrio:El
cljs$cst$keyword$id:Vl
cljs$cst$keyword$id_DOT_nadiar_DOT_cv_DOT_events_SLASH_failure_DASH_fetch_DASH_json_DASH_cv:Ak
cljs$cst$keyword$id_DOT_nadiar_DOT_cv_DOT_events_SLASH_fetch_DASH_json_DASH_cv:Tl
cljs$cst$keyword$id_DOT_nadiar_DOT_cv_DOT_events_SLASH_initialize_DASH_db:Pk
cljs$cst$keyword$id_DOT_nadiar_DOT_cv_DOT_events_SLASH_success_DASH_fetch_DASH_json_DASH_cv:Wj
cljs$cst$keyword$id_DOT_nadiar_DOT_cv_DOT_subs_SLASH_name:Ii
cljs$cst$keyword$identity:vl
cljs$cst$keyword$idle:pi
cljs$cst$keyword$images:Mi
cljs$cst$keyword$img:bj
cljs$cst$keyword$instagram:il
cljs$cst$keyword$interceptors:qj
cljs$cst$keyword$java:Xk
cljs$cst$keyword$jobTitle:Rl
cljs$cst$keyword$key:Bl
cljs$cst$keyword$keyword_DASH_fn:gi
cljs$cst$keyword$keywordize_DASH_keys:ki
cljs$cst$keyword$keywords_QMARK_:dk
cljs$cst$keyword$label:Wi
cljs$cst$keyword$language:Lk
cljs$cst$keyword$languages:ej
cljs$cst$keyword$last_DASH_error:tj
cljs$cst$keyword$last_DASH_error_DASH_code:Vj
cljs$cst$keyword$last_DASH_method:Dl
cljs$cst$keyword$li:Oi
cljs$cst$keyword$linkedIn:Ci
cljs$cst$keyword$loading:fm
cljs$cst$keyword$log:Fi
cljs$cst$keyword$map:wk
cljs$cst$keyword$margin:jj
cljs$cst$keyword$medium:el
cljs$cst$keyword$meta:Hb
cljs$cst$keyword$method:Li
cljs$cst$keyword$more_DASH_marker:Lh
cljs$cst$keyword$ms:ui
cljs$cst$keyword$name:Sk
cljs$cst$keyword$no_DASH_cache:dj
cljs$cst$keyword$not_DASH_initialized:kk
cljs$cst$keyword$ol:kj
cljs$cst$keyword$onClick:hj
cljs$cst$keyword$on_DASH_dispose:Gi
cljs$cst$keyword$on_DASH_failure:Bi
cljs$cst$keyword$on_DASH_set:Zk
cljs$cst$keyword$on_DASH_success:Aj
cljs$cst$keyword$on_DASH_write:Al
cljs$cst$keyword$original_DASH_text:zi
cljs$cst$keyword$padding:$i
cljs$cst$keyword$params:cm
cljs$cst$keyword$parse:oj
cljs$cst$keyword$parse_DASH_error:gj
cljs$cst$keyword$pause:fk
cljs$cst$keyword$paused:rl
cljs$cst$keyword$phone:yk
cljs$cst$keyword$prefix:Tj
cljs$cst$keyword$print_DASH_length:Jb
cljs$cst$keyword$processing_DASH_request:$k
cljs$cst$keyword$progress_DASH_handler:Wl
cljs$cst$keyword$queue:Vk
cljs$cst$keyword$raw:sj
cljs$cst$keyword$re_DASH_frame_DOT_std_DASH_interceptors_SLASH_not_DASH_found:Ll
cljs$cst$keyword$re_DASH_frame_DOT_std_DASH_interceptors_SLASH_untrimmed_DASH_event:Tk
cljs$cst$keyword$read:zk
cljs$cst$keyword$readably:Gb
cljs$cst$keyword$reagentRender:Qk
cljs$cst$keyword$reagent_DASH_render:wj
cljs$cst$keyword$render:vi
cljs$cst$keyword$request_DASH_received:al
cljs$cst$keyword$response:Ml
cljs$cst$keyword$response_DASH_format:gm
cljs$cst$keyword$response_DASH_ready:Xl
cljs$cst$keyword$resume:Xj
cljs$cst$keyword$run_DASH_queue:Zl
cljs$cst$keyword$running:Fk
cljs$cst$keyword$scheduled:Nj
cljs$cst$keyword$school:cj
cljs$cst$keyword$sequential:ll
cljs$cst$keyword$set:Hj
cljs$cst$keyword$shouldComponentUpdate:Sl
cljs$cst$keyword$sidebar:Bj
cljs$cst$keyword$skills:Jl
cljs$cst$keyword$span:ok
cljs$cst$keyword$src:bl
cljs$cst$keyword$stack:Nk
cljs$cst$keyword$status:Ti
cljs$cst$keyword$status_DASH_text:Pi
cljs$cst$keyword$strong:Ok
cljs$cst$keyword$style:nk
cljs$cst$keyword$sub:ul
cljs$cst$keyword$swap:Bk
cljs$cst$keyword$table:si
cljs$cst$keyword$tasks:Yl
cljs$cst$keyword$tbody:Ki
cljs$cst$keyword$td:Mj
cljs$cst$keyword$technologies:cl
cljs$cst$keyword$text_DASH_align:Rk
cljs$cst$keyword$th:Fj
cljs$cst$keyword$thead:Yi
cljs$cst$keyword$timeout:xi
cljs$cst$keyword$tr:Gj
cljs$cst$keyword$trigger:zj
cljs$cst$keyword$trim_DASH_v:ql
cljs$cst$keyword$twitter:Dj
cljs$cst$keyword$type:mk
cljs$cst$keyword$unnamed:jk
cljs$cst$keyword$update:Gl
cljs$cst$keyword$update_DASH_in:nj
cljs$cst$keyword$uri:Dk
cljs$cst$keyword$url_DASH_params:bk
cljs$cst$keyword$val:$h
cljs$cst$keyword$validator:Kl
cljs$cst$keyword$vec_DASH_strategy:pk
cljs$cst$keyword$warn:Wk
cljs$cst$keyword$website:Di
cljs$cst$keyword$width:Yj
cljs$cst$keyword$with_DASH_credentials:Mk
cljs$cst$keyword$write:Ni
cljs$cst$keyword$year:fj
cljs$cst$keyword$yield:Pl
cljs$cst$symbol$meta42890:gf
clojure$data$atom_diff:Dp
clojure$data$diff:Gp
clojure$data$diff_associative:Hp
clojure$data$diff_associative_key:Fp
clojure$data$diff_sequential:Ip
clojure$data$diff_set:Jp
clojure$data$diff_similar:Lp
clojure$data$equality_partition:Kp
clojure$data$vectorize:Ep
clojure$set$bubble_max_key:Mm
clojure$set$difference:Pm
clojure$set$intersection:Om
clojure$set$union$cljs$0core$0IFn$0_invoke$0arity$02:Nm
clojure$string$join$cljs$0core$0IFn$0_invoke$0arity$02:qm
clojure$string$replace:pm
clojure$string$replace_all:nm
clojure$string$replace_with:om
com$cognitect$transit$eq$equals:lq
com$cognitect$transit$eq$hashArrayLike:rq
com$cognitect$transit$eq$hashCode:qq
com$cognitect$transit$eq$hashCodeCounter:kq
com$cognitect$transit$eq$hashCombine:mq
com$cognitect$transit$eq$hashMapLike:pq
com$cognitect$transit$eq$stringCodeCache:nq
com$cognitect$transit$eq$stringCodeCacheSize:oq
com$cognitect$transit$util$isArray:iq
com$cognitect$transit$util$objectKeys:hq
com$cognitect$transit$util$randHex:jq
cur$jscomp$inline_1320:ro
day8$re_frame$http_fx$ajax_xhrio_handler:Wr
day8$re_frame$http_fx$http_effect:Yr
day8$re_frame$http_fx$request__GT_xhrio_options:Xr
docMode$jscomp$inline_823:Fo
goog:ca
goog$Disposable:Kq
goog$Disposable$MonitoringMode$OFF:Lq
goog$Timer$callOnce:sr
goog$Timer$defaultTimerObject:rr
goog$UID_PROPERTY_:la
goog$array$find:La
goog$array$forEach:Ka
goog$array$indexOf:Ja
goog$array$toArray:Na
goog$async$nextTick:Jo
goog$bind:qa
goog$bindJs_:oa
goog$bindNative_:na
goog$dom$createElement_:Io
goog$dom$safe$setIframeSrc:ob
goog$events$BrowserEvent:Rq
goog$events$BrowserEvent$IE_POINTER_TYPE_MAP:Sq
goog$events$BrowserFeature$HAS_W3C_EVENT_SUPPORT:Nq
goog$events$BrowserFeature$PASSIVE_EVENTS:Pq
goog$events$BrowserFeature$SET_KEY_CODE_TO_PREVENT_DEFAULT:Oq
goog$events$Event:Qq
goog$events$EventTarget:pr
goog$events$LISTENER_MAP_PROP_:$q
goog$events$LISTENER_WRAPPER_PROP_:or
goog$events$Listenable$IMPLEMENTED_BY_PROP:Tq
goog$events$ListenableKey$counter_:Uq
goog$events$Listener:Vq
goog$events$ListenerMap:Xq
goog$events$ListenerMap$findListenerIndex_:Yq
goog$events$fireListener:nr
goog$events$fireListeners_:mr
goog$events$getListenerMap_:gr
goog$events$getOnString_:ir
goog$events$getProxy:hr
goog$events$handleBrowserEvent_:jr
goog$events$listen:cr
goog$events$listenOnce:dr
goog$events$listen_:fr
goog$events$listenerCountEstimate_:br
goog$events$onStringMap_:ar
goog$events$unlisten:kr
goog$events$unlistenByKey:lr
goog$events$wrapListener:er
goog$getUid:ka
goog$global:da
goog$html$SafeHtml:kb
goog$html$SafeHtml$EMPTY:nb
goog$html$SafeHtml$TYPE_MARKER_GOOG_HTML_SECURITY_PRIVATE_:lb
goog$html$SafeHtml$unwrapTrustedHTML:mb
goog$html$SafeScript:Xa
goog$html$SafeStyle:fb
goog$html$SafeStyleSheet:gb
goog$html$TrustedResourceUrl:Ya
goog$html$TrustedResourceUrl$CONSTRUCTOR_TOKEN_PRIVATE_:Za
goog$html$TrustedResourceUrl$TYPE_MARKER_GOOG_HTML_SECURITY_PRIVATE_:$a
goog$inherits:ra
goog$isArrayLike:fa
goog$isFunction:ha
goog$isObject:ja
goog$labs$userAgent$platform$isIphone:uo
goog$labs$userAgent$util$matchUserAgent:jb
goog$labs$userAgent$util$userAgent_:cb
goog$net$DefaultXmlHttpFactory:xr
goog$net$ErrorCode$getDebugMessage:Pp
goog$net$XhrIo:zr
goog$net$XhrIo$HTTP_SCHEME_PATTERN:Br
goog$net$XhrIo$METHODS_WITH_FORM_DATA:Cr
goog$net$XhrIo$ResponseType$DEFAULT:Ar
goog$net$XhrIo$buildProgressEvent_:Kr
goog$net$XhrIo$isContentTypeHeader_:Ma
goog$net$XhrIo$shouldUseXhr2Timeout_:Fr
goog$net$XmlHttp$factory_:wr
goog$net$XmlHttpFactory:tr
goog$nullFunction:ea
goog$object$PROTOTYPE_FIELDS_:Qa
goog$object$extend:Ra
goog$object$getKeys:Pa
goog$object$map:Oa
goog$reflect$cache:ta
goog$reflect$sinkValue:sa
goog$string$Const:Sa
goog$string$Const$EMPTY:Wa
goog$string$Const$GOOG_STRING_CONSTRUCTOR_TOKEN_PRIVATE_:Ua
goog$string$Const$TYPE_MARKER_:Va
goog$string$StringBuffer:wb
goog$string$internal$caseInsensitiveContains:bb
goog$string$internal$compareElements_:eb
goog$string$internal$trim:ab
goog$string$splitLimit:pb
goog$structs$Map:sb
goog$structs$Map$defaultEquals:ub
goog$structs$forEach:rb
goog$structs$getValues:qb
goog$typeOf:p
goog$uidCounter_:ma
goog$uri$utils$splitRe_:vb
goog$userAgent$EDGE:xo
goog$userAgent$GECKO:yo
goog$userAgent$IE:wo
goog$userAgent$OPERA:vo
goog$userAgent$VERSION:Co
goog$userAgent$WEBKIT:zo
goog$userAgent$getDocumentMode_:Bo
goog$userAgent$isVersionOrHigher:Go
goog$userAgent$isVersionOrHigherCache_:ua
id$nadiar$cv$db$default_db:Op
id$nadiar$cv$views$Body:ls
id$nadiar$cv$views$Content:ks
id$nadiar$cv$views$ExperienceTable:js
id$nadiar$cv$views$Header:fs
id$nadiar$cv$views$HeadingTitle:hs
id$nadiar$cv$views$Sidebar:is
id$nadiar$cv$views$SidebarContent:gs
id$nadiar$cv$views$download_cv:ns
id$nadiar$cv$views$main_panel:os
id$nadiar$cv$views$print_cv:ms
interceptors$jscomp$inline_1476:Zr
module$contents$goog$math$Long_Long:va
module$contents$goog$math$Long_Long$fromBits:xa
module$contents$goog$math$Long_Long$fromNumber:Ga
module$contents$goog$math$Long_Long$fromString:Ia
module$contents$goog$math$Long_MAX_VALUE_:Ha
module$contents$goog$math$Long_MIN_VALUE_:Ca
module$contents$goog$math$Long_NEG_ONE_:Ea
module$contents$goog$math$Long_ONE_:Da
module$contents$goog$math$Long_ZERO_:Fa
module$node_modules$create_react_class$index:Cm
module$node_modules$react$index:mm
module$node_modules$react_dom$index:jo
navigator$jscomp$inline_190:hb
navigator$jscomp$inline_819:Ao
opt_object$jscomp$inline_1317:po
part$jscomp$inline_1321:so
parts$jscomp$inline_1319:qo
re_frame:Ko
re_frame$cofx$inject_db:Cp
re_frame$core$reg_event_db:Np
re_frame$db$app_db:Po
re_frame$events$_STAR_handling_STAR_:fp
re_frame$events$handle:gp
re_frame$fx$do_fx:Bp
re_frame$fx$reg_fx:Ap
re_frame$interceptor$__GT_interceptor$cljs$0core$0IFn$0_invoke$0arity$0variadic:bp
re_frame$interceptor$enqueue:ep
re_frame$interceptor$get_coeffect$cljs$0core$0IFn$0_invoke$0arity$02:cp
re_frame$interceptor$invoke_interceptors:dp
re_frame$interop$add_on_dispose_BANG_:Mo
re_frame$interop$deref_QMARK_:Lo
re_frame$interop$empty_queue:sf
re_frame$interop$reagent_id:Oo
re_frame$interop$set_timeout_BANG_:No
re_frame$loggers$console:Ro
re_frame$loggers$console$cljs$0core$0IFn$0_invoke$0arity$0variadic:So
re_frame$loggers$loggers:Qo
re_frame$registrar$clear_handlers:Yo
re_frame$registrar$get_handler$cljs$0core$0IFn$0_invoke$0arity$02:Wo
re_frame$registrar$kind__GT_id__GT_handler:Vo
re_frame$registrar$register_handler:Xo
re_frame$router$dispatch:yp
re_frame$router$dispatch_sync:zp
re_frame$router$event_queue:xp
re_frame$router$later_fns:qp
re_frame$std_interceptors$db_handler__GT_interceptor:Mp
re_frame$subs$cache_and_return:jp
re_frame$subs$cache_lookup$cljs$0core$0IFn$0_invoke$0arity$02:kp
re_frame$subs$clear_subscription_cache_BANG_:ip
re_frame$subs$deref_input_signals:np
re_frame$subs$map_vals:mp
re_frame$subs$query__GT_reaction:hp
re_frame$subs$reg_sub:op
re_frame$subs$reg_sub$cljs$0core$0IFn$0_invoke$0arity$0variadic:pp
re_frame$subs$subscribe:lp
re_frame$trace:Zo
re_frame$trace$next_delivery:ap
re_frame$trace$traces:$o
re_frame$utils$dissoc_in:To
re_frame$utils$first_in_vector:Uo
re_view$re_frame_simple$get_in$cljs$0core$0IFn$0_invoke$0arity$01:es
reagent:rm
reagent$core$after_render:to
reagent$debug:sm
reagent$debug$track_console:um
reagent$debug$warnings:tm
reagent$dom:ko
reagent$dom$imported:lo
reagent$dom$re_render_component:oo
reagent$dom$render_comp:no
reagent$dom$roots:mo
reagent$impl:vm
reagent$impl$batching:Dm
reagent$impl$batching$RenderQueue:Jm
reagent$impl$batching$compare_mount_order:Hm
reagent$impl$batching$fake_raf:Fm
reagent$impl$batching$mount_count:Em
reagent$impl$batching$next_tick:Gm
reagent$impl$batching$queue_render:Lm
reagent$impl$batching$ratom_flush:Im
reagent$impl$batching$render_queue:Km
reagent$impl$component:rn
reagent$impl$component$_STAR_current_component_STAR_:sn
reagent$impl$component$as_element:vn
reagent$impl$component$camelify_map_keys:Cn
reagent$impl$component$create_class:Fn
reagent$impl$component$custom_wrapper:yn
reagent$impl$component$dash_to_camel:Bn
reagent$impl$component$get_wrapper:zn
reagent$impl$component$map_to_js:En
reagent$impl$component$obligatory:An
reagent$impl$component$props_argv:tn
reagent$impl$component$rat_opts:qn
reagent$impl$component$reagent_class_QMARK_:un
reagent$impl$component$static_fns:xn
reagent$impl$component$wrap_funs:Dn
reagent$impl$component$wrap_render:wn
reagent$impl$template:Gn
reagent$impl$template$as_element:go
reagent$impl$template$cache_get:Kn
reagent$impl$template$convert_custom_prop_value:Pn
reagent$impl$template$convert_prop_value:Mn
reagent$impl$template$custom_kv_conv:On
reagent$impl$template$custom_prop_name_cache:Nn
reagent$impl$template$expand_seq:io
reagent$impl$template$find_dom_node:Tn
reagent$impl$template$get_key:bo
reagent$impl$template$input_component_set_value:Wn
reagent$impl$template$input_handle_change:Xn
reagent$impl$template$input_node_set_value:Vn
reagent$impl$template$input_render_setup:Yn
reagent$impl$template$input_spec:ao
reagent$impl$template$key_from_vec:co
reagent$impl$template$kv_conv:Ln
reagent$impl$template$make_element:$n
reagent$impl$template$named_QMARK_:In
reagent$impl$template$native_element:fo
reagent$impl$template$oset:Qn
reagent$impl$template$prop_name_cache:Jn
reagent$impl$template$re_tag:Hn
reagent$impl$template$reagent_input_class:Zn
reagent$impl$template$set_id_class:Rn
reagent$impl$template$stringify_class:Sn
reagent$impl$template$tag_name_cache:eo
reagent$impl$template$these_inputs_have_selection_api:Un
reagent$impl$template$vec_to_elem:ho
reagent$impl$util$_STAR_always_update_STAR_:Bm
reagent$impl$util$capitalize:ym
reagent$impl$util$dash_to_camel:zm
reagent$impl$util$dont_camel_case:xm
reagent$impl$util$fun_name:Am
reagent$impl$util$is_client:wm
reagent$ratom:Qm
reagent$ratom$RAtom:dn
reagent$ratom$RCursor:jn
reagent$ratom$Reaction:nn
reagent$ratom$Track:hn
reagent$ratom$_STAR_ratom_context_STAR_:Rm
reagent$ratom$_running:Um
reagent$ratom$add_on_dispose_BANG_:ln
reagent$ratom$add_w:Ym
reagent$ratom$atom:en
reagent$ratom$cached_reaction:fn
reagent$ratom$check_watches:Xm
reagent$ratom$debug:Sm
reagent$ratom$deref_capture:Vm
reagent$ratom$dispose_BANG_:kn
reagent$ratom$flush_BANG_:cn
reagent$ratom$generation:Tm
reagent$ratom$handle_reaction_change:mn
reagent$ratom$make_reaction:gn
reagent$ratom$notify_deref_watcher_BANG_:Wm
reagent$ratom$notify_w:$m
reagent$ratom$pr_atom:an
reagent$ratom$rea_queue:bn
reagent$ratom$remove_w:Zm
reagent$ratom$run_in_reaction:pn
reagent$ratom$temp_reaction:on
shadow$js$files:im
shadow$js$jsRequire:lm
shadow$js$nativeRequires:jm
shadow$js$requireStack:km
userAgent$jscomp$inline_191:ib
version$jscomp$inline_821:Do
xmlhttprequest$jscomp$inline_1110:Ur
